
> waypla@0.1.0 build
> next build

node.exe : ÔÜá You are using a non-standard "NODE_
ENV" value in your environment. This creates incon
sistencies in the project and is strongly advised 
against. Read more: https://nextjs.org/docs/messag
es/non-standard-node-env
At line:1 char:1
+ & "C:\Program Files\nodejs/node.exe" "C:\Program
 Files\nodejs/node_mo ...
+ ~~~~~~~~~~~~~~~~~~~~~~~~~~~~~~~~~~~~~~~~~~~~~~~~
~~~~~~~~~~~~~~~~~~~~~
    + CategoryInfo          : NotSpecified: (ÔÜá  
   You are usi...andard-node-env:String) [], Rem  
  oteException
    + FullyQualifiedErrorId : NativeCommandError
 
Ôû▓ Next.js 16.1.1 (Turbopack)
- Environments: .env

  Creating an optimized production build ...
Ô£ô Compiled successfully in 1587.2ms
  Running TypeScript ...
  Collecting page data using 19 workers ...
  Generating static pages using 19 workers (0/32) ...
Each child in a list should have a unique "key" pr
op.

Check the top-level render call using <__next_view
port_boundary__>. See https://react.dev/link/warni
ng-keys for more information.
Each child in a list should have a unique "key" pr
op.

Check the top-level render call using <html>. See 
https://react.dev/link/warning-keys for more infor
mation.
Each child in a list should have a unique "key" pr
op.

Check the top-level render call using <head>. See 
https://react.dev/link/warning-keys for more infor
mation.
Each child in a list should have a unique "key" pr
op.

Check the top-level render call using <link>. See 
https://react.dev/link/warning-keys for more infor
mation.
Each child in a list should have a unique "key" pr
op.

Check the top-level render call using <meta>. See 
https://react.dev/link/warning-keys for more infor
mation.
Each child in a list should have a unique "key" pr
op.

Check the top-level render call using <head>. See 
https://react.dev/link/warning-keys for more infor
mation.
Each child in a list should have a unique "key" pr
op.

Check the top-level render call using <__next_view
port_boundary__>. See https://react.dev/link/warni
ng-keys for more information.
Each child in a list should have a unique "key" pr
op.

Check the top-level render call using <html>. See 
https://react.dev/link/warning-keys for more infor
mation.
Each child in a list should have a unique "key" pr
op.

Check the top-level render call using <head>. See 
https://react.dev/link/warning-keys for more infor
mation.
Each child in a list should have a unique "key" pr
op.

Check the top-level render call using <link>. See 
https://react.dev/link/warning-keys for more infor
mation.
Each child in a list should have a unique "key" pr
op.

Check the top-level render call using <meta>. See 
https://react.dev/link/warning-keys for more infor
mation.
Each child in a list should have a unique "key" pr
op.

Check the top-level render call using <head>. See 
https://react.dev/link/warning-keys for more infor
mation.
Each child in a list should have a unique "key" pr
op.

Check the top-level render call using <__next_view
port_boundary__>. See https://react.dev/link/warni
ng-keys for more information.
Each child in a list should have a unique "key" pr
op.

Check the top-level render call using <html>. See 
https://react.dev/link/warning-keys for more infor
mation.
Each child in a list should have a unique "key" pr
op.

Check the top-level render call using <head>. See 
https://react.dev/link/warning-keys for more infor
mation.
Each child in a list should have a unique "key" pr
op.

Check the top-level render call using <link>. See 
https://react.dev/link/warning-keys for more infor
mation.
Each child in a list should have a unique "key" pr
op.

Check the top-level render call using <meta>. See 
https://react.dev/link/warning-keys for more infor
mation.
Each child in a list should have a unique "key" pr
op.

Check the top-level render call using <head>. See 
https://react.dev/link/warning-keys for more infor
mation.
Each child in a list should have a unique "key" pr
op.

Check the top-level render call using <html>. See 
https://react.dev/link/warning-keys for more infor
mation.
Each child in a list should have a unique "key" pr
op.

Check the top-level render call using <head>. See 
https://react.dev/link/warning-keys for more infor
mation.
Each child in a list should have a unique "key" pr
op.

Check the top-level render call using <link>. See 
https://react.dev/link/warning-keys for more infor
mation.
Each child in a list should have a unique "key" pr
op.

Check the top-level render call using <__next_view
port_boundary__>. See https://react.dev/link/warni
ng-keys for more information.
Each child in a list should have a unique "key" pr
op.

Check the top-level render call using <meta>. See 
https://react.dev/link/warning-keys for more infor
mation.
Each child in a list should have a unique "key" pr
op.

Check the top-level render call using <head>. See 
https://react.dev/link/warning-keys for more infor
mation.
Each child in a list should have a unique "key" pr
op.

Check the top-level render call using <M>. See htt
ps://react.dev/link/warning-keys for more informat
ion.
Each child in a list should have a unique "key" pr
op.

Check the top-level render call using <meta>. See 
https://react.dev/link/warning-keys for more infor
mation.
Each child in a list should have a unique "key" pr
op.

Check the top-level render call using <head>. See 
https://react.dev/link/warning-keys for more infor
mation.
Each child in a list should have a unique "key" pr
op.

Check the top-level render call using <__next_view
port_boundary__>. See https://react.dev/link/warni
ng-keys for more information.
Each child in a list should have a unique "key" pr
op.

Check the top-level render call using <html>. See 
https://react.dev/link/warning-keys for more infor
mation.
Each child in a list should have a unique "key" pr
op.

Check the top-level render call using <head>. See 
https://react.dev/link/warning-keys for more infor
mation.
Each child in a list should have a unique "key" pr
op.

Check the top-level render call using <link>. See 
https://react.dev/link/warning-keys for more infor
mation.
Each child in a list should have a unique "key" pr
op.

Check the top-level render call using <meta>. See 
https://react.dev/link/warning-keys for more infor
mation.
Each child in a list should have a unique "key" pr
op.

Check the top-level render call using <head>. See 
https://react.dev/link/warning-keys for more infor
mation.
Each child in a list should have a unique "key" pr
op.

Check the top-level render call using <meta>. See 
https://react.dev/link/warning-keys for more infor
mation.
Each child in a list should have a unique "key" pr
op.

Check the top-level render call using <html>. See 
https://react.dev/link/warning-keys for more infor
mation.
Each child in a list should have a unique "key" pr
op.

Check the top-level render call using <head>. See 
https://react.dev/link/warning-keys for more infor
mation.
Each child in a list should have a unique "key" pr
op.

Check the top-level render call using <link>. See 
https://react.dev/link/warning-keys for more infor
mation.
Each child in a list should have a unique "key" pr
op.

Check the top-level render call using <meta>. See 
https://react.dev/link/warning-keys for more infor
mation.
Each child in a list should have a unique "key" pr
op.

Check the top-level render call using <head>. See 
https://react.dev/link/warning-keys for more infor
mation.
Each child in a list should have a unique "key" pr
op.

Check the top-level render call using <html>. See 
https://react.dev/link/warning-keys for more infor
mation.
Each child in a list should have a unique "key" pr
op.

Check the top-level render call using <head>. See 
https://react.dev/link/warning-keys for more infor
mation.
Each child in a list should have a unique "key" pr
op.

Check the top-level render call using <link>. See 
https://react.dev/link/warning-keys for more infor
mation.
Each child in a list should have a unique "key" pr
op.

Check the top-level render call using <meta>. See 
https://react.dev/link/warning-keys for more infor
mation.
Each child in a list should have a unique "key" pr
op.

Check the top-level render call using <head>. See 
https://react.dev/link/warning-keys for more infor
mation.
Error occurred prerendering page "/hukuk/kullanim-
kosullari". Read more: https://nextjs.org/docs/mes
sages/prerender-error
TypeError: Cannot read properties of null (reading
 'useState')
    at v (C:\Users\PC\waypla\.next\server\chunks\s
sr\[root-of-the-server]__579b70e7._.js:2:907) {
  digest: '3509860054'
}
Export encountered an error on /hukuk/kullanim-kos
ullari/page: /hukuk/kullanim-kosullari, exiting th
e build.
Each child in a list should have a unique "key" pr
op.

Check the top-level render call using <__next_view
port_boundary__>. See https://react.dev/link/warni
ng-keys for more information.
Each child in a list should have a unique "key" pr
op.

Check the top-level render call using <html>. See 
https://react.dev/link/warning-keys for more infor
mation.
Each child in a list should have a unique "key" pr
op.

Check the top-level render call using <head>. See 
https://react.dev/link/warning-keys for more infor
mation.
Each child in a list should have a unique "key" pr
op.

Check the top-level render call using <link>. See 
https://react.dev/link/warning-keys for more infor
mation.
Each child in a list should have a unique "key" pr
op.

Check the top-level render call using <meta>. See 
https://react.dev/link/warning-keys for more infor
mation.
Each child in a list should have a unique "key" pr
op.

Check the top-level render call using <head>. See 
https://react.dev/link/warning-keys for more infor
mation.
Ô¿» Next.js build worker exited with code: 1 and s
ignal: null
